Command line invocation:
    /Applications/Xcode.app/Contents/Developer/usr/bin/xcodebuild test -project Noum.xcodeproj -scheme Noum -destination "platform=iOS Simulator,name=iPhone 17" -derivedDataPath /private/tmp/noum-derived-data-ux-evidence "-only-testing:NoumUITests/ScreenshotTour/testCaptureAdvancementSurfaces" -resultBundlePath /private/tmp/noum-tour.xcresult

Resolve Package Graph

Fetching from https://github.com/google/promises.git (cached)

Fetching from https://github.com/apple/swift-log.git (cached)

Fetching from https://github.com/google/interop-ios-for-google-sdks.git (cached)

Fetching from https://github.com/googleads/google-ads-on-device-conversion-ios-sdk (cached)

Fetching from https://github.com/firebase/nanopb.git (cached)

Fetching from https://github.com/google/GTMAppAuth.git (cached)

Fetching from https://github.com/google/GoogleUtilities.git (cached)

Fetching from https://github.com/awslabs/aws-sdk-swift.git (cached)

Fetching from https://github.com/firebase/leveldb.git (cached)

Fetching from https://github.com/google/abseil-cpp-binary.git (cached)

Fetching from https://github.com/firebase/firebase-ios-sdk (cached)

Fetching from https://github.com/google/grpc-binary.git (cached)

Fetching from https://github.com/google/GoogleDataTransport.git (cached)

Fetching from https://github.com/google/GoogleSignIn-iOS.git (cached)

Fetching from https://github.com/openid/AppAuth-iOS.git (cached)

Fetching from https://github.com/smithy-lang/smithy-swift (cached)

Fetching from https://github.com/awslabs/aws-crt-swift (cached)

Fetching from https://github.com/google/app-check.git (cached)

Fetching from https://github.com/apple/swift-argument-parser.git (cached)

Fetching from https://github.com/google/GoogleAppMeasurement.git (cached)

Fetching from https://github.com/google/gtm-session-fetcher.git (cached)

Creating working copy of package ‘interop-ios-for-google-sdks’

Creating working copy of package ‘GoogleUtilities’

Creating working copy of package ‘promises’

Creating working copy of package ‘GTMAppAuth’

Creating working copy of package ‘grpc-binary’

Creating working copy of package ‘nanopb’

Creating working copy of package ‘aws-sdk-swift’

Creating working copy of package ‘firebase-ios-sdk’

Creating working copy of package ‘abseil-cpp-binary’

Creating working copy of package ‘AppAuth-iOS’

Checking out 2.4.0 of package ‘promises’

Checking out 8.1.0 of package ‘GoogleUtilities’

Checking out 101.0.0 of package ‘interop-ios-for-google-sdks’

Checking out 1.2024072200.0 of package ‘abseil-cpp-binary’

Checking out 1.7.6 of package ‘AppAuth-iOS’

Creating working copy of package ‘swift-log’

Creating working copy of package ‘GoogleDataTransport’

Creating working copy of package ‘aws-crt-swift’

Creating working copy of package ‘google-ads-on-device-conversion-ios-sdk’

Checking out 1.6.3 of package ‘swift-log’

Checking out 10.1.0 of package ‘GoogleDataTransport’

Creating working copy of package ‘leveldb’

Checking out 12.11.0 of package ‘firebase-ios-sdk’

Checking out 3.4.0 of package ‘google-ads-on-device-conversion-ios-sdk’

Checking out 0.52.1 of package ‘aws-crt-swift’

Creating working copy of package ‘swift-argument-parser’

Creating working copy of package ‘GoogleAppMeasurement’

Creating working copy of package ‘GoogleSignIn-iOS’

Checking out 1.22.5 of package ‘leveldb’

Checking out 1.69.1 of package ‘grpc-binary’

Checking out 4.1.1 of package ‘GTMAppAuth’

Checking out 2.30910.0 of package ‘nanopb’

Checking out 1.3.40 of package ‘aws-sdk-swift’

Creating working copy of package ‘app-check’

Creating working copy of package ‘smithy-swift’

Checking out 12.11.0 of package ‘GoogleAppMeasurement’

Checking out 7.1.0 of package ‘GoogleSignIn-iOS’

Checking out 1.5.1 of package ‘swift-argument-parser’

Creating working copy of package ‘gtm-session-fetcher’

Checking out 11.2.0 of package ‘app-check’

Checking out 3.5.0 of package ‘gtm-session-fetcher’

Checking out 0.139.0 of package ‘smithy-swift’


Resolved source packages:
  swift-argument-parser: https://github.com/apple/swift-argument-parser.git @ 1.5.1
  gRPC: https://github.com/google/grpc-binary.git @ 1.69.1
  Promises: https://github.com/google/promises.git @ 2.4.0
  GoogleAdsOnDeviceConversion: https://github.com/googleads/google-ads-on-device-conversion-ios-sdk @ 3.4.0
  GoogleDataTransport: https://github.com/google/GoogleDataTransport.git @ 10.1.0
  aws-crt-swift: https://github.com/awslabs/aws-crt-swift @ 0.52.1
  nanopb: https://github.com/firebase/nanopb.git @ 2.30910.0
  smithy-swift: https://github.com/smithy-lang/smithy-swift @ 0.139.0
  GTMAppAuth: https://github.com/google/GTMAppAuth.git @ 4.1.1
  aws-sdk-swift: https://github.com/awslabs/aws-sdk-swift.git @ 1.3.40
  AppCheck: https://github.com/google/app-check.git @ 11.2.0
  GoogleUtilities: https://github.com/google/GoogleUtilities.git @ 8.1.0
  AppAuth: https://github.com/openid/AppAuth-iOS.git @ 1.7.6
  Firebase: https://github.com/firebase/firebase-ios-sdk @ 12.11.0
  GTMSessionFetcher: https://github.com/google/gtm-session-fetcher.git @ 3.5.0
  abseil: https://github.com/google/abseil-cpp-binary.git @ 1.2024072200.0
  leveldb: https://github.com/firebase/leveldb.git @ 1.22.5
  GoogleAppMeasurement: https://github.com/google/GoogleAppMeasurement.git @ 12.11.0
  GoogleSignIn: https://github.com/google/GoogleSignIn-iOS.git @ 7.1.0
  InteropForGoogle: https://github.com/google/interop-ios-for-google-sdks.git @ 101.0.0
  swift-log: https://github.com/apple/swift-log.git @ 1.6.3

